[1.332s] Invoking command in '/home/lattepanda/Robot magang/pelcdx': DEBUGINFOD_URLS=https://debuginfod.ubuntu.com PYTHONPATH=/home/lattepanda/Robot magang/pelcdx/build/pelcdx/prefix_override:/usr/lib/python3/dist-packages/colcon_core/task/python/colcon_distutils_commands:/home/lattepanda/Robot magang/pelcdx/install/pelcdx/lib/python3.12/site-packages:${PYTHONPATH} /usr/bin/python3 -W ignore:setup.py install is deprecated -W ignore:easy_install command is deprecated setup.py egg_info --egg-base build/pelcdx build --build-base /home/lattepanda/Robot magang/pelcdx/build/pelcdx/build install --record /home/lattepanda/Robot magang/pelcdx/build/pelcdx/install.log --single-version-externally-managed install_data
[1.782s] running egg_info
[1.783s] creating build/pelcdx/pelcdx.egg-info
[1.822s] writing build/pelcdx/pelcdx.egg-info/PKG-INFO
[1.822s] writing dependency_links to build/pelcdx/pelcdx.egg-info/dependency_links.txt
[1.823s] writing entry points to build/pelcdx/pelcdx.egg-info/entry_points.txt
[1.823s] writing requirements to build/pelcdx/pelcdx.egg-info/requires.txt
[1.823s] writing top-level names to build/pelcdx/pelcdx.egg-info/top_level.txt
[1.823s] writing manifest file 'build/pelcdx/pelcdx.egg-info/SOURCES.txt'
[1.891s] reading manifest file 'build/pelcdx/pelcdx.egg-info/SOURCES.txt'
[1.892s] writing manifest file 'build/pelcdx/pelcdx.egg-info/SOURCES.txt'
[1.893s] running build
[1.893s] running build_py
[1.893s] creating /home/lattepanda/Robot magang/pelcdx/build/pelcdx/build
[1.894s] creating /home/lattepanda/Robot magang/pelcdx/build/pelcdx/build/lib
[1.894s] creating /home/lattepanda/Robot magang/pelcdx/build/pelcdx/build/lib/pelcdx
[1.894s] copying pelcdx/__init__.py -> /home/lattepanda/Robot magang/pelcdx/build/pelcdx/build/lib/pelcdx
[1.894s] copying pelcdx/manual_waypoint_driver_node.py -> /home/lattepanda/Robot magang/pelcdx/build/pelcdx/build/lib/pelcdx
[1.894s] running install
[1.903s] running install_lib
[1.938s] creating /home/lattepanda/Robot magang/pelcdx/install/pelcdx/lib/python3.12/site-packages/pelcdx
[1.939s] copying /home/lattepanda/Robot magang/pelcdx/build/pelcdx/build/lib/pelcdx/__init__.py -> /home/lattepanda/Robot magang/pelcdx/install/pelcdx/lib/python3.12/site-packages/pelcdx
[1.939s] copying /home/lattepanda/Robot magang/pelcdx/build/pelcdx/build/lib/pelcdx/manual_waypoint_driver_node.py -> /home/lattepanda/Robot magang/pelcdx/install/pelcdx/lib/python3.12/site-packages/pelcdx
[1.940s] byte-compiling /home/lattepanda/Robot magang/pelcdx/install/pelcdx/lib/python3.12/site-packages/pelcdx/__init__.py to __init__.cpython-312.pyc
[1.940s] byte-compiling /home/lattepanda/Robot magang/pelcdx/install/pelcdx/lib/python3.12/site-packages/pelcdx/manual_waypoint_driver_node.py to manual_waypoint_driver_node.cpython-312.pyc
[1.958s] running install_data
[1.958s] creating /home/lattepanda/Robot magang/pelcdx/install/pelcdx/share/ament_index
[1.958s] creating /home/lattepanda/Robot magang/pelcdx/install/pelcdx/share/ament_index/resource_index
[1.959s] creating /home/lattepanda/Robot magang/pelcdx/install/pelcdx/share/ament_index/resource_index/packages
[1.959s] copying resource/pelcdx -> /home/lattepanda/Robot magang/pelcdx/install/pelcdx/share/ament_index/resource_index/packages
[1.959s] copying package.xml -> /home/lattepanda/Robot magang/pelcdx/install/pelcdx/share/pelcdx
[1.959s] creating /home/lattepanda/Robot magang/pelcdx/install/pelcdx/share/pelcdx/config
[1.959s] copying config/saved_waypoints.yaml -> /home/lattepanda/Robot magang/pelcdx/install/pelcdx/share/pelcdx/config
[1.959s] copying config/manual_waypoints_params.yaml -> /home/lattepanda/Robot magang/pelcdx/install/pelcdx/share/pelcdx/config
[1.959s] creating /home/lattepanda/Robot magang/pelcdx/install/pelcdx/share/pelcdx/launch
[1.960s] copying launch/manual_waypoints_launch.py -> /home/lattepanda/Robot magang/pelcdx/install/pelcdx/share/pelcdx/launch
[1.970s] running install_egg_info
[2.005s] Copying build/pelcdx/pelcdx.egg-info to /home/lattepanda/Robot magang/pelcdx/install/pelcdx/lib/python3.12/site-packages/pelcdx-0.1.0-py3.12.egg-info
[2.006s] running install_scripts
[2.227s] Installing manual_waypoint_driver_node script to /home/lattepanda/Robot magang/pelcdx/install/pelcdx/lib/pelcdx
[2.227s] writing list of installed files to '/home/lattepanda/Robot magang/pelcdx/build/pelcdx/install.log'
[2.276s] Invoked command in '/home/lattepanda/Robot magang/pelcdx' returned '0': DEBUGINFOD_URLS=https://debuginfod.ubuntu.com PYTHONPATH=/home/lattepanda/Robot magang/pelcdx/build/pelcdx/prefix_override:/usr/lib/python3/dist-packages/colcon_core/task/python/colcon_distutils_commands:/home/lattepanda/Robot magang/pelcdx/install/pelcdx/lib/python3.12/site-packages:${PYTHONPATH} /usr/bin/python3 -W ignore:setup.py install is deprecated -W ignore:easy_install command is deprecated setup.py egg_info --egg-base build/pelcdx build --build-base /home/lattepanda/Robot magang/pelcdx/build/pelcdx/build install --record /home/lattepanda/Robot magang/pelcdx/build/pelcdx/install.log --single-version-externally-managed install_data
