[0.290s] DEBUG:colcon:Command line arguments: ['/usr/bin/colcon', 'build']
[0.290s] DEBUG:colcon:Parsed command line arguments: Namespace(log_base=None, log_level=None, verb_name='build', build_base='build', install_base='install', merge_install=False, symlink_install=False, test_result_base=None, continue_on_error=False, executor='parallel', parallel_workers=4, event_handlers=None, ignore_user_meta=False, metas=['./colcon.meta'], base_paths=['.'], packages_ignore=None, packages_ignore_regex=None, paths=None, packages_up_to=None, packages_up_to_regex=None, packages_above=None, packages_above_and_dependencies=None, packages_above_depth=None, packages_select_by_dep=None, packages_skip_by_dep=None, packages_skip_up_to=None, packages_select_build_failed=False, packages_skip_build_finished=False, packages_select_test_failures=False, packages_skip_test_passed=False, packages_select=None, packages_skip=None, packages_select_regex=None, packages_skip_regex=None, packages_start=None, packages_end=None, allow_overriding=[], cmake_args=None, cmake_target=None, cmake_target_skip_unavailable=False, cmake_clean_cache=False, cmake_clean_first=False, cmake_force_configure=False, ament_cmake_args=None, catkin_cmake_args=None, catkin_skip_building_tests=False, verb_parser=<colcon_defaults.argument_parser.defaults.DefaultArgumentsDecorator object at 0x7b0573516c90>, verb_extension=<colcon_core.verb.build.BuildVerb object at 0x7b057369b170>, main=<bound method BuildVerb.main of <colcon_core.verb.build.BuildVerb object at 0x7b057369b170>>)
[0.355s] Level 1:colcon.colcon_core.package_discovery:discover_packages(colcon_meta) check parameters
[0.355s] Level 1:colcon.colcon_core.package_discovery:discover_packages(recursive) check parameters
[0.355s] Level 1:colcon.colcon_core.package_discovery:discover_packages(ignore) check parameters
[0.355s] Level 1:colcon.colcon_core.package_discovery:discover_packages(path) check parameters
[0.355s] Level 1:colcon.colcon_core.package_discovery:discover_packages(colcon_meta) discover
[0.355s] Level 1:colcon.colcon_core.package_discovery:discover_packages(recursive) discover
[0.355s] INFO:colcon.colcon_core.package_discovery:Crawling recursively for packages in '/home/lattepanda/Robot magang/pelcdx'
[0.355s] Level 1:colcon.colcon_core.package_identification:_identify(.) by extensions ['ignore', 'ignore_ament_install']
[0.355s] Level 1:colcon.colcon_core.package_identification:_identify(.) by extension 'ignore'
[0.356s] Level 1:colcon.colcon_core.package_identification:_identify(.) by extension 'ignore_ament_install'
[0.356s] Level 1:colcon.colcon_core.package_identification:_identify(.) by extensions ['colcon_pkg']
[0.356s] Level 1:colcon.colcon_core.package_identification:_identify(.) by extension 'colcon_pkg'
[0.356s] Level 1:colcon.colcon_core.package_identification:_identify(.) by extensions ['colcon_meta']
[0.356s] Level 1:colcon.colcon_core.package_identification:_identify(.) by extension 'colcon_meta'
[0.356s] Level 1:colcon.colcon_core.package_identification:_identify(.) by extensions ['ros']
[0.356s] Level 1:colcon.colcon_core.package_identification:_identify(.) by extension 'ros'
[0.399s] DEBUG:colcon.colcon_core.package_identification:Package '.' with type 'ros.ament_python' and name 'pelcdx'
[0.399s] Level 1:colcon.colcon_core.package_discovery:discover_packages(recursive) using defaults
[0.399s] Level 1:colcon.colcon_core.package_discovery:discover_packages(ignore) discover
[0.399s] Level 1:colcon.colcon_core.package_discovery:discover_packages(ignore) using defaults
[0.399s] Level 1:colcon.colcon_core.package_discovery:discover_packages(path) discover
[0.399s] Level 1:colcon.colcon_core.package_discovery:discover_packages(path) using defaults
[0.432s] Level 1:colcon.colcon_core.package_discovery:discover_packages(prefix_path) check parameters
[0.432s] Level 1:colcon.colcon_core.package_discovery:discover_packages(prefix_path) discover
[0.440s] DEBUG:colcon.colcon_installed_package_information.package_discovery:Found 385 installed packages in /opt/ros/jazzy
[0.441s] Level 1:colcon.colcon_core.package_discovery:discover_packages(prefix_path) using defaults
[0.526s] Level 5:colcon.colcon_core.verb:set package 'pelcdx' build argument 'cmake_args' from command line to 'None'
[0.526s] Level 5:colcon.colcon_core.verb:set package 'pelcdx' build argument 'cmake_target' from command line to 'None'
[0.526s] Level 5:colcon.colcon_core.verb:set package 'pelcdx' build argument 'cmake_target_skip_unavailable' from command line to 'False'
[0.526s] Level 5:colcon.colcon_core.verb:set package 'pelcdx' build argument 'cmake_clean_cache' from command line to 'False'
[0.526s] Level 5:colcon.colcon_core.verb:set package 'pelcdx' build argument 'cmake_clean_first' from command line to 'False'
[0.526s] Level 5:colcon.colcon_core.verb:set package 'pelcdx' build argument 'cmake_force_configure' from command line to 'False'
[0.526s] Level 5:colcon.colcon_core.verb:set package 'pelcdx' build argument 'ament_cmake_args' from command line to 'None'
[0.526s] Level 5:colcon.colcon_core.verb:set package 'pelcdx' build argument 'catkin_cmake_args' from command line to 'None'
[0.526s] Level 5:colcon.colcon_core.verb:set package 'pelcdx' build argument 'catkin_skip_building_tests' from command line to 'False'
[0.526s] DEBUG:colcon.colcon_core.verb:Building package 'pelcdx' with the following arguments: {'ament_cmake_args': None, 'build_base': '/home/lattepanda/Robot magang/pelcdx/build/pelcdx', 'catkin_cmake_args': None, 'catkin_skip_building_tests': False, 'cmake_args': None, 'cmake_clean_cache': False, 'cmake_clean_first': False, 'cmake_force_configure': False, 'cmake_target': None, 'cmake_target_skip_unavailable': False, 'install_base': '/home/lattepanda/Robot magang/pelcdx/install/pelcdx', 'merge_install': False, 'path': '/home/lattepanda/Robot magang/pelcdx', 'symlink_install': False, 'test_result_base': None}
[0.526s] INFO:colcon.colcon_core.executor:Executing jobs using 'parallel' executor
[0.528s] DEBUG:colcon.colcon_parallel_executor.executor.parallel:run_until_complete
[0.528s] INFO:colcon.colcon_ros.task.ament_python.build:Building ROS package in '/home/lattepanda/Robot magang/pelcdx' with build type 'ament_python'
[0.528s] Level 1:colcon.colcon_core.shell:create_environment_hook('pelcdx', 'ament_prefix_path')
[0.536s] INFO:colcon.colcon_core.plugin_system:Skipping extension 'colcon_core.shell.bat': Not used on non-Windows systems
[0.537s] INFO:colcon.colcon_core.shell:Creating environment hook '/home/lattepanda/Robot magang/pelcdx/install/pelcdx/share/pelcdx/hook/ament_prefix_path.ps1'
[0.538s] INFO:colcon.colcon_core.shell:Creating environment descriptor '/home/lattepanda/Robot magang/pelcdx/install/pelcdx/share/pelcdx/hook/ament_prefix_path.dsv'
[0.538s] INFO:colcon.colcon_core.shell:Creating environment hook '/home/lattepanda/Robot magang/pelcdx/install/pelcdx/share/pelcdx/hook/ament_prefix_path.sh'
[0.540s] INFO:colcon.colcon_core.shell:Skip shell extension 'powershell' for command environment: Not usable outside of PowerShell
[0.540s] DEBUG:colcon.colcon_core.shell:Skip shell extension 'dsv' for command environment
[0.888s] INFO:colcon.colcon_core.task.python.build:Building Python package in '/home/lattepanda/Robot magang/pelcdx'
[0.888s] INFO:colcon.colcon_core.shell:Skip shell extension 'powershell' for command environment: Not usable outside of PowerShell
[0.889s] DEBUG:colcon.colcon_core.shell:Skip shell extension 'dsv' for command environment
[1.860s] DEBUG:colcon.colcon_core.event_handler.log_command:Invoking command in '/home/lattepanda/Robot magang/pelcdx': DEBUGINFOD_URLS=https://debuginfod.ubuntu.com PYTHONPATH=/home/lattepanda/Robot magang/pelcdx/build/pelcdx/prefix_override:/usr/lib/python3/dist-packages/colcon_core/task/python/colcon_distutils_commands:/home/lattepanda/Robot magang/pelcdx/install/pelcdx/lib/python3.12/site-packages:${PYTHONPATH} /usr/bin/python3 -W ignore:setup.py install is deprecated -W ignore:easy_install command is deprecated setup.py egg_info --egg-base build/pelcdx build --build-base /home/lattepanda/Robot magang/pelcdx/build/pelcdx/build install --record /home/lattepanda/Robot magang/pelcdx/build/pelcdx/install.log --single-version-externally-managed install_data
[2.804s] DEBUG:colcon.colcon_core.event_handler.log_command:Invoked command in '/home/lattepanda/Robot magang/pelcdx' returned '0': DEBUGINFOD_URLS=https://debuginfod.ubuntu.com PYTHONPATH=/home/lattepanda/Robot magang/pelcdx/build/pelcdx/prefix_override:/usr/lib/python3/dist-packages/colcon_core/task/python/colcon_distutils_commands:/home/lattepanda/Robot magang/pelcdx/install/pelcdx/lib/python3.12/site-packages:${PYTHONPATH} /usr/bin/python3 -W ignore:setup.py install is deprecated -W ignore:easy_install command is deprecated setup.py egg_info --egg-base build/pelcdx build --build-base /home/lattepanda/Robot magang/pelcdx/build/pelcdx/build install --record /home/lattepanda/Robot magang/pelcdx/build/pelcdx/install.log --single-version-externally-managed install_data
[2.810s] Level 1:colcon.colcon_core.environment:checking '/home/lattepanda/Robot magang/pelcdx/install/pelcdx' for CMake module files
[2.811s] Level 1:colcon.colcon_core.environment:checking '/home/lattepanda/Robot magang/pelcdx/install/pelcdx' for CMake config files
[2.812s] Level 1:colcon.colcon_core.environment:checking '/home/lattepanda/Robot magang/pelcdx/install/pelcdx/lib'
[2.812s] Level 1:colcon.colcon_core.environment:checking '/home/lattepanda/Robot magang/pelcdx/install/pelcdx/bin'
[2.813s] Level 1:colcon.colcon_core.environment:checking '/home/lattepanda/Robot magang/pelcdx/install/pelcdx/lib/pkgconfig/pelcdx.pc'
[2.813s] Level 1:colcon.colcon_core.environment:checking '/home/lattepanda/Robot magang/pelcdx/install/pelcdx/lib/python3.12/site-packages'
[2.813s] Level 1:colcon.colcon_core.shell:create_environment_hook('pelcdx', 'pythonpath')
[2.813s] INFO:colcon.colcon_core.shell:Creating environment hook '/home/lattepanda/Robot magang/pelcdx/install/pelcdx/share/pelcdx/hook/pythonpath.ps1'
[2.814s] INFO:colcon.colcon_core.shell:Creating environment descriptor '/home/lattepanda/Robot magang/pelcdx/install/pelcdx/share/pelcdx/hook/pythonpath.dsv'
[2.815s] INFO:colcon.colcon_core.shell:Creating environment hook '/home/lattepanda/Robot magang/pelcdx/install/pelcdx/share/pelcdx/hook/pythonpath.sh'
[2.816s] Level 1:colcon.colcon_core.environment:checking '/home/lattepanda/Robot magang/pelcdx/install/pelcdx/bin'
[2.816s] Level 1:colcon.colcon_core.environment:create_environment_scripts_only(pelcdx)
[2.817s] INFO:colcon.colcon_core.shell:Creating package script '/home/lattepanda/Robot magang/pelcdx/install/pelcdx/share/pelcdx/package.ps1'
[2.818s] INFO:colcon.colcon_core.shell:Creating package descriptor '/home/lattepanda/Robot magang/pelcdx/install/pelcdx/share/pelcdx/package.dsv'
[2.818s] INFO:colcon.colcon_core.shell:Creating package script '/home/lattepanda/Robot magang/pelcdx/install/pelcdx/share/pelcdx/package.sh'
[2.819s] INFO:colcon.colcon_core.shell:Creating package script '/home/lattepanda/Robot magang/pelcdx/install/pelcdx/share/pelcdx/package.bash'
[2.820s] INFO:colcon.colcon_core.shell:Creating package script '/home/lattepanda/Robot magang/pelcdx/install/pelcdx/share/pelcdx/package.zsh'
[2.821s] Level 1:colcon.colcon_core.environment:create_file_with_runtime_dependencies(/home/lattepanda/Robot magang/pelcdx/install/pelcdx/share/colcon-core/packages/pelcdx)
[2.821s] DEBUG:colcon.colcon_parallel_executor.executor.parallel:closing loop
[2.822s] DEBUG:colcon.colcon_parallel_executor.executor.parallel:loop closed
[2.822s] DEBUG:colcon.colcon_parallel_executor.executor.parallel:run_until_complete finished with '0'
[2.822s] DEBUG:colcon.colcon_core.event_reactor:joining thread
[2.833s] INFO:colcon.colcon_core.plugin_system:Skipping extension 'colcon_notification.desktop_notification.terminal_notifier': Not used on non-Darwin systems
[2.833s] INFO:colcon.colcon_core.plugin_system:Skipping extension 'colcon_notification.desktop_notification.win32': Not used on non-Windows systems
[2.833s] INFO:colcon.colcon_notification.desktop_notification:Sending desktop notification using 'notify2'
